nohup: ignoring input
cms.string('MCRUN2_74_V9A::All')
14-Mar-2016 12:02:50 CDT  Initiating request to open file root://cmsxrootd.hep.wisc.edu//store/user/tmperry/DoubleElectron_FlatPt-1To300/HLT_RECO_pat_74x_25ns/160203_155009/0000/HLT_RECO_pat_10.root
14-Mar-2016 12:02:52 CDT  Successfully opened file root://cmsxrootd.hep.wisc.edu//store/user/tmperry/DoubleElectron_FlatPt-1To300/HLT_RECO_pat_74x_25ns/160203_155009/0000/HLT_RECO_pat_10.root
14-Mar-2016 12:03:38 CDT  Closed file root://cmsxrootd.hep.wisc.edu//store/user/tmperry/DoubleElectron_FlatPt-1To300/HLT_RECO_pat_74x_25ns/160203_155009/0000/HLT_RECO_pat_10.root

=============================================

MessageLogger Summary

 type     category        sev    module        subroutine        count    total
 ---- -------------------- -- ---------------- ----------------  -----    -----
    1 SkipEvent Exception  -w PostProcessPath                      106*     106
    2 XrdAdaptor           -w (NoModuleName)                         1*       1
    3 fileAction           -s file_close                             1        1
    4 fileAction           -s file_open                              2        2

* Some occurrences of this message were suppressed in all logs, due to limits.

 type    category    Examples: run/evt        run/evt          run/evt
 ---- -------------------- ---------------- ---------------- ----------------
    1 SkipEvent Exception  1/405604         1/405622         1/967564
    2 XrdAdaptor           pre-events                        
    3 fileAction           PostEndRun                        
    4 fileAction           pre-events       pre-events       

Severity    # Occurrences   Total Occurrences
--------    -------------   -----------------
Warning               107                 107
System                  3                   3
