nohup: ignoring input
Generating submit files in /nfs_scratch/tperry/74x_25ns-runElectronRegressionTrees_HLTRECO_cfg...
............................................
Submitting job(s)............................................
44 job(s) submitted to cluster 1324425.

Your jobs should show up in ~6 minutes
at the NEW job monitoring web page :
    http://www.hep.wisc.edu/cms/comp/jobs/
Jobs for 74x_25ns are created in /nfs_scratch/tperry/74x_25ns-runElectronRegressionTrees_HLTRECO_cfg
